// Jest Snapshot v1, https://goo.gl/fbAQLP

exports[`Calculator should match the snapshot 1`] = `
<DocumentFragment>
  <div
    class="calculator-container"
  >
    <div
      class="math"
    >
      LETS DO SOME MATH
    </div>
    <div
      class="calculator"
    >
      <input
        class="result-input w-100"
        data-testid="result-input"
        readonly=""
        type="text"
        value=""
      />
      <div
        class="keypad"
      >
        <div
          class="row"
        >
          <div
            class="col"
          >
            <button
              class="button-gray w-100"
              type="button"
            >
              AC
            </button>
          </div>
          <div
            class="col"
          >
            <button
              class="button-orange w-100"
              type="button"
            >
              +/-
            </button>
          </div>
          <div
            class="col"
          >
            <button
              class="button-orange w-100"
              type="button"
            >
              %
            </button>
          </div>
          <div
            class="col"
          >
            <button
              class="button-orange w-100"
              type="button"
            >
              /
            </button>
          </div>
        </div>
        <div
          class="row"
        >
          <div
            class="col"
          >
            <button
              class="button-gray w-100"
              type="button"
            >
              7
            </button>
          </div>
          <div
            class="col"
          >
            <button
              class="button-gray w-100"
              type="button"
            >
              8
            </button>
          </div>
          <div
            class="col"
          >
            <button
              class="button-gray w-100"
              type="button"
            >
              9
            </button>
          </div>
          <div
            class="col"
          >
            <button
              class="button-orange w-100"
              type="button"
            >
              -
            </button>
          </div>
        </div>
        <div
          class="row"
        >
          <div
            class="col"
          >
            <button
              class="button-gray w-100"
              type="button"
            >
              4
            </button>
          </div>
          <div
            class="col"
          >
            <button
              class="button-gray w-100"
              type="button"
            >
              5
            </button>
          </div>
          <div
            class="col"
          >
            <button
              class="button-gray w-100"
              type="button"
            >
              6
            </button>
          </div>
          <div
            class="col"
          >
            <button
              class="button-orange w-100"
              type="button"
            >
              x
            </button>
          </div>
        </div>
        <div
          class="row"
        >
          <div
            class="col"
          >
            <button
              class="button-gray w-100"
              type="button"
            >
              1
            </button>
          </div>
          <div
            class="col"
          >
            <button
              class="button-gray w-100"
              type="button"
            >
              2
            </button>
          </div>
          <div
            class="col"
          >
            <button
              class="button-gray w-100"
              type="button"
            >
              3
            </button>
          </div>
          <div
            class="col"
          >
            <button
              class="button-orange w-100"
              type="button"
            >
              +
            </button>
          </div>
        </div>
        <div
          class="row"
        >
          <div
            class="col"
          >
            <button
              class="button-gray w-100"
              type="button"
            >
              0
            </button>
          </div>
          <div
            class="col"
          >
            <button
              class="button-gray w-100"
              type="button"
            >
              .
            </button>
          </div>
          <div
            class="col"
          >
            <button
              class="button-orange w-100"
              type="button"
            >
              =
            </button>
          </div>
        </div>
      </div>
    </div>
  </div>
</DocumentFragment>
`;
